MPLINK 5.08, LINKER
Linker Map File - Created Fri Mar 08 16:21:39 2024

                                 Section Info
                  Section       Type    Address   Location Size(Bytes)
                ---------  ---------  ---------  ---------  ---------
                 RES_VECT       code   0x000000    program   0x00004a
                   .cinit    romdata   0x000025    program   0x000004
.config_2007_BUILD/DEFAULT/PRODUCTION/NEWPIC_       code   0x002007    program   0x000002



                              Program Memory Usage 
                               Start         End      
                           ---------   ---------      
                            0x000000    0x000026      
                            0x002007    0x002007      
            40 out of 2182 program addresses used, program memory utilization is 1%



                              Symbols - Sorted by Name
                     Name    Address   Location    Storage File                     
                ---------  ---------  ---------  --------- ---------                
                 APAGA_B0   0x00000e    program     static C:\Users\André\OneDrive\Área de Trabalho\Engenharia\6 Período\Microprocessadores e Microcontroladores\Projetos\02 - Andre Moreira Tavares\newpic_8b_simple.asm
                 APAGA_B1   0x000015    program     static C:\Users\André\OneDrive\Área de Trabalho\Engenharia\6 Período\Microprocessadores e Microcontroladores\Projetos\02 - Andre Moreira Tavares\newpic_8b_simple.asm
                 APAGA_B2   0x00001c    program     static C:\Users\André\OneDrive\Área de Trabalho\Engenharia\6 Período\Microprocessadores e Microcontroladores\Projetos\02 - Andre Moreira Tavares\newpic_8b_simple.asm
                 APAGA_B3   0x000023    program     static C:\Users\André\OneDrive\Área de Trabalho\Engenharia\6 Período\Microprocessadores e Microcontroladores\Projetos\02 - Andre Moreira Tavares\newpic_8b_simple.asm
                LE_BOTAO1   0x000008    program     static C:\Users\André\OneDrive\Área de Trabalho\Engenharia\6 Período\Microprocessadores e Microcontroladores\Projetos\02 - Andre Moreira Tavares\newpic_8b_simple.asm
                LE_BOTAO2   0x00000f    program     static C:\Users\André\OneDrive\Área de Trabalho\Engenharia\6 Período\Microprocessadores e Microcontroladores\Projetos\02 - Andre Moreira Tavares\newpic_8b_simple.asm
                LE_BOTAO3   0x000016    program     static C:\Users\André\OneDrive\Área de Trabalho\Engenharia\6 Período\Microprocessadores e Microcontroladores\Projetos\02 - Andre Moreira Tavares\newpic_8b_simple.asm
                LE_BOTAO4   0x00001d    program     static C:\Users\André\OneDrive\Área de Trabalho\Engenharia\6 Período\Microprocessadores e Microcontroladores\Projetos\02 - Andre Moreira Tavares\newpic_8b_simple.asm



                              Symbols - Sorted by Address
                     Name    Address   Location    Storage File                     
                ---------  ---------  ---------  --------- ---------                
                LE_BOTAO1   0x000008    program     static C:\Users\André\OneDrive\Área de Trabalho\Engenharia\6 Período\Microprocessadores e Microcontroladores\Projetos\02 - Andre Moreira Tavares\newpic_8b_simple.asm
                 APAGA_B0   0x00000e    program     static C:\Users\André\OneDrive\Área de Trabalho\Engenharia\6 Período\Microprocessadores e Microcontroladores\Projetos\02 - Andre Moreira Tavares\newpic_8b_simple.asm
                LE_BOTAO2   0x00000f    program     static C:\Users\André\OneDrive\Área de Trabalho\Engenharia\6 Período\Microprocessadores e Microcontroladores\Projetos\02 - Andre Moreira Tavares\newpic_8b_simple.asm
                 APAGA_B1   0x000015    program     static C:\Users\André\OneDrive\Área de Trabalho\Engenharia\6 Período\Microprocessadores e Microcontroladores\Projetos\02 - Andre Moreira Tavares\newpic_8b_simple.asm
                LE_BOTAO3   0x000016    program     static C:\Users\André\OneDrive\Área de Trabalho\Engenharia\6 Período\Microprocessadores e Microcontroladores\Projetos\02 - Andre Moreira Tavares\newpic_8b_simple.asm
                 APAGA_B2   0x00001c    program     static C:\Users\André\OneDrive\Área de Trabalho\Engenharia\6 Período\Microprocessadores e Microcontroladores\Projetos\02 - Andre Moreira Tavares\newpic_8b_simple.asm
                LE_BOTAO4   0x00001d    program     static C:\Users\André\OneDrive\Área de Trabalho\Engenharia\6 Período\Microprocessadores e Microcontroladores\Projetos\02 - Andre Moreira Tavares\newpic_8b_simple.asm
                 APAGA_B3   0x000023    program     static C:\Users\André\OneDrive\Área de Trabalho\Engenharia\6 Período\Microprocessadores e Microcontroladores\Projetos\02 - Andre Moreira Tavares\newpic_8b_simple.asm


